Hello from Phase 2A! Tools are working.